// Vitest Snapshot v1, https://vitest.dev/guide/snapshot.html

exports[`composed processors returns idempotent result 1`] = `-466581813`;
